진행: 94700/94885 글(99.81%), 평균 속도: 435.81 r/s, 남은 시간 0.42초
진행: 94750/94885 글(99.86%), 평균 속도: 435.94 r/s, 남은 시간 0.31초
진행: 94800/94885 글(99.91%), 평균 속도: 435.96 r/s, 남은 시간 0.19초
진행: 94850/94885 글(99.96%), 평균 속도: 436.03 r/s, 남은 시간 0.08초
진행: 94885/94885 글(100.00%), 평균 속도: 430.42 r/s, 남은 시간 0.00초
소요: 220.76초
모든 요청 완료, 총 집계: 435173
평균 속도: 429.81065410400436 rp/s
총 재시도 횟수: 14
총 실패 요청 수: 0
데이터 저장 완료: examp
###최대 기록(2.32ms)